// Jest Snapshot v1, https://goo.gl/fbAQLP

exports[`Resources are fetched over http/2 results are correct when some requests are handled by service worker 1`] = `
Object {
  "headings": Array [
    Object {
      "itemType": "url",
      "key": "url",
      "text": "URL",
    },
    Object {
      "itemType": "text",
      "key": "protocol",
      "text": "Protocol",
    },
  ],
  "items": Array [
    Object {
      "protocol": "http/1.0",
      "url": "https://webtide.com/wp-content/themes/clean-retina-pro/library/js/tinynav.js?ver=4.5.4",
    },
  ],
  "summary": undefined,
  "type": "table",
}
`;
